Analysis & Synthesis report for cross_bar
Mon Feb 28 02:32:42 2022
Quartus Prime Version 21.1.0 Build 842 10/21/2021 SJ Lite Edition


---------------------
; Table of Contents ;
---------------------
  1. Legal Notice
  2. Analysis & Synthesis Summary
  3. Analysis & Synthesis Settings
  4. Parallel Compilation
  5. Analysis & Synthesis Source Files Read
  6. Analysis & Synthesis Resource Usage Summary
  7. Analysis & Synthesis Resource Utilization by Entity
  8. User-Specified and Inferred Latches
  9. General Register Statistics
 10. Multiplexer Restructuring Statistics (Restructuring Performed)
 11. Parameter Settings for User Entity Instance: Top-level Entity: |top
 12. Parameter Settings for User Entity Instance: Mux_slaves:master1
 13. Parameter Settings for User Entity Instance: Mux_slaves:master2
 14. Parameter Settings for User Entity Instance: arbiter:arb1
 15. Parameter Settings for User Entity Instance: arbiter:arb2
 16. Parameter Settings for User Entity Instance: Mux_masters:slave_1
 17. Parameter Settings for User Entity Instance: Mux_masters:slave_2
 18. Post-Synthesis Netlist Statistics for Top Partition
 19. Elapsed Time Per Partition
 20. Analysis & Synthesis Messages
 21. Analysis & Synthesis Suppressed Messages



----------------
; Legal Notice ;
----------------
Copyright (C) 2021  Intel Corporation. All rights reserved.
Your use of Intel Corporation's design tools, logic functions 
and other software and tools, and any partner logic 
functions, and any output files from any of the foregoing 
(including device programming or simulation files), and any 
associated documentation or information are expressly subject 
to the terms and conditions of the Intel Program License 
Subscription Agreement, the Intel Quartus Prime License Agreement,
the Intel FPGA IP License Agreement, or other applicable license
agreement, including, without limitation, that your use is for
the sole purpose of programming logic devices manufactured by
Intel and sold by Intel or its authorized distributors.  Please
refer to the applicable agreement for further details, at
https://fpgasoftware.intel.com/eula.



+----------------------------------------------------------------------------------+
; Analysis & Synthesis Summary                                                     ;
+------------------------------------+---------------------------------------------+
; Analysis & Synthesis Status        ; Successful - Mon Feb 28 02:32:42 2022       ;
; Quartus Prime Version              ; 21.1.0 Build 842 10/21/2021 SJ Lite Edition ;
; Revision Name                      ; cross_bar                                   ;
; Top-level Entity Name              ; top                                         ;
; Family                             ; Cyclone IV GX                               ;
; Total logic elements               ; 466                                         ;
;     Total combinational functions  ; 466                                         ;
;     Dedicated logic registers      ; 4                                           ;
; Total registers                    ; 4                                           ;
; Total pins                         ; 406                                         ;
; Total virtual pins                 ; 0                                           ;
; Total memory bits                  ; 0                                           ;
; Embedded Multiplier 9-bit elements ; 0                                           ;
; Total GXB Receiver Channel PCS     ; 0                                           ;
; Total GXB Receiver Channel PMA     ; 0                                           ;
; Total GXB Transmitter Channel PCS  ; 0                                           ;
; Total GXB Transmitter Channel PMA  ; 0                                           ;
; Total PLLs                         ; 0                                           ;
+------------------------------------+---------------------------------------------+


+------------------------------------------------------------------------------------------------------------+
; Analysis & Synthesis Settings                                                                              ;
+------------------------------------------------------------------+--------------------+--------------------+
; Option                                                           ; Setting            ; Default Value      ;
+------------------------------------------------------------------+--------------------+--------------------+
; Top-level entity name                                            ; top                ; cross_bar          ;
; Family name                                                      ; Cyclone IV GX      ; Cyclone V          ;
; Use smart compilation                                            ; Off                ; Off                ;
; Enable parallel Assembler and Timing Analyzer during compilation ; On                 ; On                 ;
; Enable compact report table                                      ; Off                ; Off                ;
; Restructure Multiplexers                                         ; Auto               ; Auto               ;
; Create Debugging Nodes for IP Cores                              ; Off                ; Off                ;
; Preserve fewer node names                                        ; On                 ; On                 ;
; Intel FPGA IP Evaluation Mode                                    ; Enable             ; Enable             ;
; Verilog Version                                                  ; Verilog_2001       ; Verilog_2001       ;
; VHDL Version                                                     ; VHDL_1993          ; VHDL_1993          ;
; State Machine Processing                                         ; Auto               ; Auto               ;
; Safe State Machine                                               ; Off                ; Off                ;
; Extract Verilog State Machines                                   ; On                 ; On                 ;
; Extract VHDL State Machines                                      ; On                 ; On                 ;
; Ignore Verilog initial constructs                                ; Off                ; Off                ;
; Iteration limit for constant Verilog loops                       ; 5000               ; 5000               ;
; Iteration limit for non-constant Verilog loops                   ; 250                ; 250                ;
; Add Pass-Through Logic to Inferred RAMs                          ; On                 ; On                 ;
; Infer RAMs from Raw Logic                                        ; On                 ; On                 ;
; Parallel Synthesis                                               ; On                 ; On                 ;
; DSP Block Balancing                                              ; Auto               ; Auto               ;
; NOT Gate Push-Back                                               ; On                 ; On                 ;
; Power-Up Don't Care                                              ; On                 ; On                 ;
; Remove Redundant Logic Cells                                     ; Off                ; Off                ;
; Remove Duplicate Registers                                       ; On                 ; On                 ;
; Ignore CARRY Buffers                                             ; Off                ; Off                ;
; Ignore CASCADE Buffers                                           ; Off                ; Off                ;
; Ignore GLOBAL Buffers                                            ; Off                ; Off                ;
; Ignore ROW GLOBAL Buffers                                        ; Off                ; Off                ;
; Ignore LCELL Buffers                                             ; Off                ; Off                ;
; Ignore SOFT Buffers                                              ; On                 ; On                 ;
; Limit AHDL Integers to 32 Bits                                   ; Off                ; Off                ;
; Optimization Technique                                           ; Balanced           ; Balanced           ;
; Carry Chain Length                                               ; 70                 ; 70                 ;
; Auto Carry Chains                                                ; On                 ; On                 ;
; Auto Open-Drain Pins                                             ; On                 ; On                 ;
; Perform WYSIWYG Primitive Resynthesis                            ; Off                ; Off                ;
; Auto ROM Replacement                                             ; On                 ; On                 ;
; Auto RAM Replacement                                             ; On                 ; On                 ;
; Auto DSP Block Replacement                                       ; On                 ; On                 ;
; Auto Shift Register Replacement                                  ; Auto               ; Auto               ;
; Allow Shift Register Merging across Hierarchies                  ; Auto               ; Auto               ;
; Auto Clock Enable Replacement                                    ; On                 ; On                 ;
; Strict RAM Replacement                                           ; Off                ; Off                ;
; Allow Synchronous Control Signals                                ; On                 ; On                 ;
; Force Use of Synchronous Clear Signals                           ; Off                ; Off                ;
; Auto RAM Block Balancing                                         ; On                 ; On                 ;
; Auto RAM to Logic Cell Conversion                                ; Off                ; Off                ;
; Auto Resource Sharing                                            ; Off                ; Off                ;
; Allow Any RAM Size For Recognition                               ; Off                ; Off                ;
; Allow Any ROM Size For Recognition                               ; Off                ; Off                ;
; Allow Any Shift Register Size For Recognition                    ; Off                ; Off                ;
; Use LogicLock Constraints during Resource Balancing              ; On                 ; On                 ;
; Ignore translate_off and synthesis_off directives                ; Off                ; Off                ;
; Timing-Driven Synthesis                                          ; On                 ; On                 ;
; Report Parameter Settings                                        ; On                 ; On                 ;
; Report Source Assignments                                        ; On                 ; On                 ;
; Report Connectivity Checks                                       ; On                 ; On                 ;
; Ignore Maximum Fan-Out Assignments                               ; Off                ; Off                ;
; Synchronization Register Chain Length                            ; 2                  ; 2                  ;
; Power Optimization During Synthesis                              ; Normal compilation ; Normal compilation ;
; HDL message level                                                ; Level2             ; Level2             ;
; Suppress Register Optimization Related Messages                  ; Off                ; Off                ;
; Number of Removed Registers Reported in Synthesis Report         ; 5000               ; 5000               ;
; Number of Swept Nodes Reported in Synthesis Report               ; 5000               ; 5000               ;
; Number of Inverted Registers Reported in Synthesis Report        ; 100                ; 100                ;
; Clock MUX Protection                                             ; On                 ; On                 ;
; Auto Gated Clock Conversion                                      ; Off                ; Off                ;
; Block Design Naming                                              ; Auto               ; Auto               ;
; SDC constraint protection                                        ; Off                ; Off                ;
; Synthesis Effort                                                 ; Auto               ; Auto               ;
; Shift Register Replacement - Allow Asynchronous Clear Signal     ; On                 ; On                 ;
; Pre-Mapping Resynthesis Optimization                             ; Off                ; Off                ;
; Analysis & Synthesis Message Level                               ; Medium             ; Medium             ;
; Disable Register Merging Across Hierarchies                      ; Auto               ; Auto               ;
; Resource Aware Inference For Block RAM                           ; On                 ; On                 ;
+------------------------------------------------------------------+--------------------+--------------------+


+------------------------------------------+
; Parallel Compilation                     ;
+----------------------------+-------------+
; Processors                 ; Number      ;
+----------------------------+-------------+
; Number detected on machine ; 4           ;
; Maximum allowed            ; 2           ;
;                            ;             ;
; Average used               ; 1.00        ;
; Maximum used               ; 2           ;
;                            ;             ;
; Usage by Processor         ; % Time Used ;
;     Processor 1            ; 100.0%      ;
;     Processor 2            ;   0.0%      ;
+----------------------------+-------------+


+-----------------------------------------------------------------------------------------------------------------------------------------------------------+
; Analysis & Synthesis Source Files Read                                                                                                                    ;
+----------------------------------+-----------------+------------------------------+-------------------------------------------------------------+---------+
; File Name with User-Entered Path ; Used in Netlist ; File Type                    ; File Name with Absolute Path                                ; Library ;
+----------------------------------+-----------------+------------------------------+-------------------------------------------------------------+---------+
; top.sv                           ; yes             ; User SystemVerilog HDL File  ; /home/mboris/projectsVerilog/Syntacore/top.sv               ;         ;
; arbiter/arbiter.sv               ; yes             ; User SystemVerilog HDL File  ; /home/mboris/projectsVerilog/Syntacore/arbiter/arbiter.sv   ;         ;
; Muxes/Mux_masters.sv             ; yes             ; User SystemVerilog HDL File  ; /home/mboris/projectsVerilog/Syntacore/Muxes/Mux_masters.sv ;         ;
; Muxes/Mux_slaves.sv              ; yes             ; User SystemVerilog HDL File  ; /home/mboris/projectsVerilog/Syntacore/Muxes/Mux_slaves.sv  ;         ;
+----------------------------------+-----------------+------------------------------+-------------------------------------------------------------+---------+


+---------------------------------------------+
; Analysis & Synthesis Resource Usage Summary ;
+--------------------------+------------------+
; Resource                 ; Usage            ;
+--------------------------+------------------+
; I/O pins                 ; 406              ;
;                          ;                  ;
; DSP block 9-bit elements ; 0                ;
;                          ;                  ;
; Maximum fan-out node     ; rst~input        ;
; Maximum fan-out          ; 262              ;
; Total fan-out            ; 2215             ;
; Average fan-out          ; 1.73             ;
+--------------------------+------------------+


+---------------------------------------------------------------------------------------------------------------------------------------------------------------------------------------------------------------------------+
; Analysis & Synthesis Resource Utilization by Entity                                                                                                                                                                       ;
+----------------------------+---------------------+---------------------------+-------------+--------------+---------+-----------+-----------+------+--------------+--------------------------+-------------+--------------+
; Compilation Hierarchy Node ; Combinational ALUTs ; Dedicated Logic Registers ; Memory Bits ; DSP Elements ; DSP 9x9 ; DSP 18x18 ; DSP 36x36 ; Pins ; Virtual Pins ; Full Hierarchy Name      ; Entity Name ; Library Name ;
+----------------------------+---------------------+---------------------------+-------------+--------------+---------+-----------+-----------+------+--------------+--------------------------+-------------+--------------+
; |top                       ; 466 (0)             ; 4 (0)                     ; 0           ; 0            ; 0       ; 0         ; 0         ; 406  ; 0            ; |top                     ; top         ; work         ;
;    |Mux_masters:slave_1|   ; 129 (129)           ; 0 (0)                     ; 0           ; 0            ; 0       ; 0         ; 0         ; 0    ; 0            ; |top|Mux_masters:slave_1 ; Mux_masters ; work         ;
;    |Mux_masters:slave_2|   ; 129 (129)           ; 0 (0)                     ; 0           ; 0            ; 0       ; 0         ; 0         ; 0    ; 0            ; |top|Mux_masters:slave_2 ; Mux_masters ; work         ;
;    |Mux_slaves:master1|    ; 99 (99)             ; 0 (0)                     ; 0           ; 0            ; 0       ; 0         ; 0         ; 0    ; 0            ; |top|Mux_slaves:master1  ; Mux_slaves  ; work         ;
;    |Mux_slaves:master2|    ; 99 (99)             ; 0 (0)                     ; 0           ; 0            ; 0       ; 0         ; 0         ; 0    ; 0            ; |top|Mux_slaves:master2  ; Mux_slaves  ; work         ;
;    |arbiter:arb1|          ; 5 (5)               ; 2 (2)                     ; 0           ; 0            ; 0       ; 0         ; 0         ; 0    ; 0            ; |top|arbiter:arb1        ; arbiter     ; work         ;
;    |arbiter:arb2|          ; 5 (5)               ; 2 (2)                     ; 0           ; 0            ; 0       ; 0         ; 0         ; 0    ; 0            ; |top|arbiter:arb2        ; arbiter     ; work         ;
+----------------------------+---------------------+---------------------------+-------------+--------------+---------+-----------+-----------+------+--------------+--------------------------+-------------+--------------+
Note: For table entries with two numbers listed, the numbers in parentheses indicate the number of resources of the given type used by the specific entity alone. The numbers listed outside of parentheses indicate the total resources of the given type used by the specific entity and all of its sub-entities in the hierarchy.


+-----------------------------------------------------------------------------------------------------+
; User-Specified and Inferred Latches                                                                 ;
+------------------------------------------------------+---------------------+------------------------+
; Latch Name                                           ; Latch Enable Signal ; Free of Timing Hazards ;
+------------------------------------------------------+---------------------+------------------------+
; Mux_slaves:master2|slave_1_addr[0]                   ; master_2_addr[31]   ; yes                    ;
; Mux_slaves:master1|slave_1_addr[0]                   ; master_1_addr[31]   ; yes                    ;
; Mux_slaves:master2|slave_1_addr[1]                   ; master_2_addr[31]   ; yes                    ;
; Mux_slaves:master1|slave_1_addr[1]                   ; master_1_addr[31]   ; yes                    ;
; Mux_slaves:master2|slave_1_addr[2]                   ; master_2_addr[31]   ; yes                    ;
; Mux_slaves:master1|slave_1_addr[2]                   ; master_1_addr[31]   ; yes                    ;
; Mux_slaves:master2|slave_1_addr[3]                   ; master_2_addr[31]   ; yes                    ;
; Mux_slaves:master1|slave_1_addr[3]                   ; master_1_addr[31]   ; yes                    ;
; Mux_slaves:master2|slave_1_addr[4]                   ; master_2_addr[31]   ; yes                    ;
; Mux_slaves:master1|slave_1_addr[4]                   ; master_1_addr[31]   ; yes                    ;
; Mux_slaves:master2|slave_1_addr[5]                   ; master_2_addr[31]   ; yes                    ;
; Mux_slaves:master1|slave_1_addr[5]                   ; master_1_addr[31]   ; yes                    ;
; Mux_slaves:master2|slave_1_addr[6]                   ; master_2_addr[31]   ; yes                    ;
; Mux_slaves:master1|slave_1_addr[6]                   ; master_1_addr[31]   ; yes                    ;
; Mux_slaves:master2|slave_1_addr[7]                   ; master_2_addr[31]   ; yes                    ;
; Mux_slaves:master1|slave_1_addr[7]                   ; master_1_addr[31]   ; yes                    ;
; Mux_slaves:master2|slave_1_addr[8]                   ; master_2_addr[31]   ; yes                    ;
; Mux_slaves:master1|slave_1_addr[8]                   ; master_1_addr[31]   ; yes                    ;
; Mux_slaves:master2|slave_1_addr[9]                   ; master_2_addr[31]   ; yes                    ;
; Mux_slaves:master1|slave_1_addr[9]                   ; master_1_addr[31]   ; yes                    ;
; Mux_slaves:master2|slave_1_addr[10]                  ; master_2_addr[31]   ; yes                    ;
; Mux_slaves:master1|slave_1_addr[10]                  ; master_1_addr[31]   ; yes                    ;
; Mux_slaves:master2|slave_1_addr[11]                  ; master_2_addr[31]   ; yes                    ;
; Mux_slaves:master1|slave_1_addr[11]                  ; master_1_addr[31]   ; yes                    ;
; Mux_slaves:master2|slave_1_addr[12]                  ; master_2_addr[31]   ; yes                    ;
; Mux_slaves:master1|slave_1_addr[12]                  ; master_1_addr[31]   ; yes                    ;
; Mux_slaves:master2|slave_1_addr[13]                  ; master_2_addr[31]   ; yes                    ;
; Mux_slaves:master1|slave_1_addr[13]                  ; master_1_addr[31]   ; yes                    ;
; Mux_slaves:master2|slave_1_addr[14]                  ; master_2_addr[31]   ; yes                    ;
; Mux_slaves:master1|slave_1_addr[14]                  ; master_1_addr[31]   ; yes                    ;
; Mux_slaves:master2|slave_1_addr[15]                  ; master_2_addr[31]   ; yes                    ;
; Mux_slaves:master1|slave_1_addr[15]                  ; master_1_addr[31]   ; yes                    ;
; Mux_slaves:master2|slave_1_addr[16]                  ; master_2_addr[31]   ; yes                    ;
; Mux_slaves:master1|slave_1_addr[16]                  ; master_1_addr[31]   ; yes                    ;
; Mux_slaves:master2|slave_1_addr[17]                  ; master_2_addr[31]   ; yes                    ;
; Mux_slaves:master1|slave_1_addr[17]                  ; master_1_addr[31]   ; yes                    ;
; Mux_slaves:master2|slave_1_addr[18]                  ; master_2_addr[31]   ; yes                    ;
; Mux_slaves:master1|slave_1_addr[18]                  ; master_1_addr[31]   ; yes                    ;
; Mux_slaves:master2|slave_1_addr[19]                  ; master_2_addr[31]   ; yes                    ;
; Mux_slaves:master1|slave_1_addr[19]                  ; master_1_addr[31]   ; yes                    ;
; Mux_slaves:master2|slave_1_addr[20]                  ; master_2_addr[31]   ; yes                    ;
; Mux_slaves:master1|slave_1_addr[20]                  ; master_1_addr[31]   ; yes                    ;
; Mux_slaves:master2|slave_1_addr[21]                  ; master_2_addr[31]   ; yes                    ;
; Mux_slaves:master1|slave_1_addr[21]                  ; master_1_addr[31]   ; yes                    ;
; Mux_slaves:master2|slave_1_addr[22]                  ; master_2_addr[31]   ; yes                    ;
; Mux_slaves:master1|slave_1_addr[22]                  ; master_1_addr[31]   ; yes                    ;
; Mux_slaves:master2|slave_1_addr[23]                  ; master_2_addr[31]   ; yes                    ;
; Mux_slaves:master1|slave_1_addr[23]                  ; master_1_addr[31]   ; yes                    ;
; Mux_slaves:master2|slave_1_addr[24]                  ; master_2_addr[31]   ; yes                    ;
; Mux_slaves:master1|slave_1_addr[24]                  ; master_1_addr[31]   ; yes                    ;
; Mux_slaves:master2|slave_1_addr[25]                  ; master_2_addr[31]   ; yes                    ;
; Mux_slaves:master1|slave_1_addr[25]                  ; master_1_addr[31]   ; yes                    ;
; Mux_slaves:master2|slave_1_addr[26]                  ; master_2_addr[31]   ; yes                    ;
; Mux_slaves:master1|slave_1_addr[26]                  ; master_1_addr[31]   ; yes                    ;
; Mux_slaves:master2|slave_1_addr[27]                  ; master_2_addr[31]   ; yes                    ;
; Mux_slaves:master1|slave_1_addr[27]                  ; master_1_addr[31]   ; yes                    ;
; Mux_slaves:master2|slave_1_addr[28]                  ; master_2_addr[31]   ; yes                    ;
; Mux_slaves:master1|slave_1_addr[28]                  ; master_1_addr[31]   ; yes                    ;
; Mux_slaves:master2|slave_1_addr[29]                  ; master_2_addr[31]   ; yes                    ;
; Mux_slaves:master1|slave_1_addr[29]                  ; master_1_addr[31]   ; yes                    ;
; Mux_slaves:master2|slave_1_addr[30]                  ; master_2_addr[31]   ; yes                    ;
; Mux_slaves:master1|slave_1_addr[30]                  ; master_1_addr[31]   ; yes                    ;
; Mux_slaves:master2|slave_2_addr[0]                   ; master_2_addr[31]   ; yes                    ;
; Mux_slaves:master1|slave_2_addr[0]                   ; master_1_addr[31]   ; yes                    ;
; Mux_slaves:master2|slave_2_addr[1]                   ; master_2_addr[31]   ; yes                    ;
; Mux_slaves:master1|slave_2_addr[1]                   ; master_1_addr[31]   ; yes                    ;
; Mux_slaves:master2|slave_2_addr[2]                   ; master_2_addr[31]   ; yes                    ;
; Mux_slaves:master1|slave_2_addr[2]                   ; master_1_addr[31]   ; yes                    ;
; Mux_slaves:master2|slave_2_addr[3]                   ; master_2_addr[31]   ; yes                    ;
; Mux_slaves:master1|slave_2_addr[3]                   ; master_1_addr[31]   ; yes                    ;
; Mux_slaves:master2|slave_2_addr[4]                   ; master_2_addr[31]   ; yes                    ;
; Mux_slaves:master1|slave_2_addr[4]                   ; master_1_addr[31]   ; yes                    ;
; Mux_slaves:master2|slave_2_addr[5]                   ; master_2_addr[31]   ; yes                    ;
; Mux_slaves:master1|slave_2_addr[5]                   ; master_1_addr[31]   ; yes                    ;
; Mux_slaves:master2|slave_2_addr[6]                   ; master_2_addr[31]   ; yes                    ;
; Mux_slaves:master1|slave_2_addr[6]                   ; master_1_addr[31]   ; yes                    ;
; Mux_slaves:master2|slave_2_addr[7]                   ; master_2_addr[31]   ; yes                    ;
; Mux_slaves:master1|slave_2_addr[7]                   ; master_1_addr[31]   ; yes                    ;
; Mux_slaves:master2|slave_2_addr[8]                   ; master_2_addr[31]   ; yes                    ;
; Mux_slaves:master1|slave_2_addr[8]                   ; master_1_addr[31]   ; yes                    ;
; Mux_slaves:master2|slave_2_addr[9]                   ; master_2_addr[31]   ; yes                    ;
; Mux_slaves:master1|slave_2_addr[9]                   ; master_1_addr[31]   ; yes                    ;
; Mux_slaves:master2|slave_2_addr[10]                  ; master_2_addr[31]   ; yes                    ;
; Mux_slaves:master1|slave_2_addr[10]                  ; master_1_addr[31]   ; yes                    ;
; Mux_slaves:master2|slave_2_addr[11]                  ; master_2_addr[31]   ; yes                    ;
; Mux_slaves:master1|slave_2_addr[11]                  ; master_1_addr[31]   ; yes                    ;
; Mux_slaves:master2|slave_2_addr[12]                  ; master_2_addr[31]   ; yes                    ;
; Mux_slaves:master1|slave_2_addr[12]                  ; master_1_addr[31]   ; yes                    ;
; Mux_slaves:master2|slave_2_addr[13]                  ; master_2_addr[31]   ; yes                    ;
; Mux_slaves:master1|slave_2_addr[13]                  ; master_1_addr[31]   ; yes                    ;
; Mux_slaves:master2|slave_2_addr[14]                  ; master_2_addr[31]   ; yes                    ;
; Mux_slaves:master1|slave_2_addr[14]                  ; master_1_addr[31]   ; yes                    ;
; Mux_slaves:master2|slave_2_addr[15]                  ; master_2_addr[31]   ; yes                    ;
; Mux_slaves:master1|slave_2_addr[15]                  ; master_1_addr[31]   ; yes                    ;
; Mux_slaves:master2|slave_2_addr[16]                  ; master_2_addr[31]   ; yes                    ;
; Mux_slaves:master1|slave_2_addr[16]                  ; master_1_addr[31]   ; yes                    ;
; Mux_slaves:master2|slave_2_addr[17]                  ; master_2_addr[31]   ; yes                    ;
; Mux_slaves:master1|slave_2_addr[17]                  ; master_1_addr[31]   ; yes                    ;
; Mux_slaves:master2|slave_2_addr[18]                  ; master_2_addr[31]   ; yes                    ;
; Mux_slaves:master1|slave_2_addr[18]                  ; master_1_addr[31]   ; yes                    ;
; Number of user-specified and inferred latches = 124  ;                     ;                        ;
+------------------------------------------------------+---------------------+------------------------+
Table restricted to first 100 entries. Note: All latches listed above may not be present at the end of synthesis due to various synthesis optimizations.


+------------------------------------------------------+
; General Register Statistics                          ;
+----------------------------------------------+-------+
; Statistic                                    ; Value ;
+----------------------------------------------+-------+
; Total registers                              ; 4     ;
; Number of registers using Synchronous Clear  ; 0     ;
; Number of registers using Synchronous Load   ; 0     ;
; Number of registers using Asynchronous Clear ; 0     ;
; Number of registers using Asynchronous Load  ; 0     ;
; Number of registers using Clock Enable       ; 0     ;
; Number of registers using Preset             ; 0     ;
+----------------------------------------------+-------+


+---------------------------------------------------------------------------------------------------------------------------------------------------------+
; Multiplexer Restructuring Statistics (Restructuring Performed)                                                                                          ;
+--------------------+-----------+---------------+----------------------+------------------------+------------+-------------------------------------------+
; Multiplexer Inputs ; Bus Width ; Baseline Area ; Area if Restructured ; Saving if Restructured ; Registered ; Example Multiplexer Output                ;
+--------------------+-----------+---------------+----------------------+------------------------+------------+-------------------------------------------+
; 3:1                ; 34 bits   ; 68 LEs        ; 34 LEs               ; 34 LEs                 ; No         ; |top|Mux_slaves:master2|slave_2_wdata[4]  ;
; 3:1                ; 34 bits   ; 68 LEs        ; 34 LEs               ; 34 LEs                 ; No         ; |top|Mux_slaves:master2|slave_1_wdata[11] ;
; 3:1                ; 34 bits   ; 68 LEs        ; 34 LEs               ; 34 LEs                 ; No         ; |top|Mux_slaves:master1|slave_2_wdata[3]  ;
; 3:1                ; 34 bits   ; 68 LEs        ; 34 LEs               ; 34 LEs                 ; No         ; |top|Mux_slaves:master1|slave_1_wdata[5]  ;
; 7:1                ; 33 bits   ; 132 LEs       ; 99 LEs               ; 33 LEs                 ; No         ; |top|Mux_slaves:master2|master_rdata[16]  ;
; 7:1                ; 33 bits   ; 132 LEs       ; 99 LEs               ; 33 LEs                 ; No         ; |top|Mux_slaves:master1|master_rdata[7]   ;
+--------------------+-----------+---------------+----------------------+------------------------+------------+-------------------------------------------+


+---------------------------------------------------------------------+
; Parameter Settings for User Entity Instance: Top-level Entity: |top ;
+----------------+-------+--------------------------------------------+
; Parameter Name ; Value ; Type                                       ;
+----------------+-------+--------------------------------------------+
; N              ; 32    ; Signed Integer                             ;
; masters_number ; 2     ; Signed Integer                             ;
; slaves_number  ; 2     ; Signed Integer                             ;
+----------------+-------+--------------------------------------------+
Note: In order to hide this table in the UI and the text report file, please set the "Show Parameter Settings in Synthesis Report" option in "Analysis and Synthesis Settings -> More Settings" to "Off".


+-----------------------------------------------------------------+
; Parameter Settings for User Entity Instance: Mux_slaves:master1 ;
+-----------------+-------+---------------------------------------+
; Parameter Name  ; Value ; Type                                  ;
+-----------------+-------+---------------------------------------+
; bits_addr_slave ; 2     ; Signed Integer                        ;
; slaves_number   ; 2     ; Signed Integer                        ;
; first_slave     ; 0     ; Unsigned Binary                       ;
; second_slave    ; 1     ; Unsigned Binary                       ;
; N               ; 32    ; Signed Integer                        ;
+-----------------+-------+---------------------------------------+
Note: In order to hide this table in the UI and the text report file, please set the "Show Parameter Settings in Synthesis Report" option in "Analysis and Synthesis Settings -> More Settings" to "Off".


+-----------------------------------------------------------------+
; Parameter Settings for User Entity Instance: Mux_slaves:master2 ;
+-----------------+-------+---------------------------------------+
; Parameter Name  ; Value ; Type                                  ;
+-----------------+-------+---------------------------------------+
; bits_addr_slave ; 2     ; Signed Integer                        ;
; slaves_number   ; 2     ; Signed Integer                        ;
; first_slave     ; 0     ; Unsigned Binary                       ;
; second_slave    ; 1     ; Unsigned Binary                       ;
; N               ; 32    ; Signed Integer                        ;
+-----------------+-------+---------------------------------------+
Note: In order to hide this table in the UI and the text report file, please set the "Show Parameter Settings in Synthesis Report" option in "Analysis and Synthesis Settings -> More Settings" to "Off".


+-----------------------------------------------------------+
; Parameter Settings for User Entity Instance: arbiter:arb1 ;
+----------------+-------+----------------------------------+
; Parameter Name ; Value ; Type                             ;
+----------------+-------+----------------------------------+
; N              ; 2     ; Signed Integer                   ;
+----------------+-------+----------------------------------+
Note: In order to hide this table in the UI and the text report file, please set the "Show Parameter Settings in Synthesis Report" option in "Analysis and Synthesis Settings -> More Settings" to "Off".


+-----------------------------------------------------------+
; Parameter Settings for User Entity Instance: arbiter:arb2 ;
+----------------+-------+----------------------------------+
; Parameter Name ; Value ; Type                             ;
+----------------+-------+----------------------------------+
; N              ; 2     ; Signed Integer                   ;
+----------------+-------+----------------------------------+
Note: In order to hide this table in the UI and the text report file, please set the "Show Parameter Settings in Synthesis Report" option in "Analysis and Synthesis Settings -> More Settings" to "Off".


+------------------------------------------------------------------+
; Parameter Settings for User Entity Instance: Mux_masters:slave_1 ;
+-----------------+-------+----------------------------------------+
; Parameter Name  ; Value ; Type                                   ;
+-----------------+-------+----------------------------------------+
; bits_addr_slave ; 2     ; Signed Integer                         ;
; masters_number  ; 2     ; Signed Integer                         ;
; first_master    ; 01    ; Unsigned Binary                        ;
; second_master   ; 10    ; Unsigned Binary                        ;
; N               ; 32    ; Signed Integer                         ;
+-----------------+-------+----------------------------------------+
Note: In order to hide this table in the UI and the text report file, please set the "Show Parameter Settings in Synthesis Report" option in "Analysis and Synthesis Settings -> More Settings" to "Off".


+------------------------------------------------------------------+
; Parameter Settings for User Entity Instance: Mux_masters:slave_2 ;
+-----------------+-------+----------------------------------------+
; Parameter Name  ; Value ; Type                                   ;
+-----------------+-------+----------------------------------------+
; bits_addr_slave ; 2     ; Signed Integer                         ;
; masters_number  ; 2     ; Signed Integer                         ;
; first_master    ; 01    ; Unsigned Binary                        ;
; second_master   ; 10    ; Unsigned Binary                        ;
; N               ; 32    ; Signed Integer                         ;
+-----------------+-------+----------------------------------------+
Note: In order to hide this table in the UI and the text report file, please set the "Show Parameter Settings in Synthesis Report" option in "Analysis and Synthesis Settings -> More Settings" to "Off".


+-----------------------------------------------------+
; Post-Synthesis Netlist Statistics for Top Partition ;
+-----------------------+-----------------------------+
; Type                  ; Count                       ;
+-----------------------+-----------------------------+
; boundary_port         ; 406                         ;
; cycloneiii_ff         ; 4                           ;
;     plain             ; 4                           ;
; cycloneiii_lcell_comb ; 467                         ;
;     normal            ; 467                         ;
;         0 data inputs ; 1                           ;
;         1 data inputs ; 2                           ;
;         2 data inputs ; 128                         ;
;         3 data inputs ; 6                           ;
;         4 data inputs ; 330                         ;
;                       ;                             ;
; Max LUT depth         ; 5.00                        ;
; Average LUT depth     ; 2.66                        ;
+-----------------------+-----------------------------+


+-------------------------------+
; Elapsed Time Per Partition    ;
+----------------+--------------+
; Partition Name ; Elapsed Time ;
+----------------+--------------+
; Top            ; 00:00:02     ;
+----------------+--------------+


+-------------------------------+
; Analysis & Synthesis Messages ;
+-------------------------------+
Info: *******************************************************************
Info: Running Quartus Prime Analysis & Synthesis
    Info: Version 21.1.0 Build 842 10/21/2021 SJ Lite Edition
    Info: Processing started: Mon Feb 28 02:32:27 2022
Info: Command: quartus_map --read_settings_files=on --write_settings_files=off cross_bar -c cross_bar
Warning (18236): Number of processors has not been specified which may cause overloading on shared machines.  Set the global assignment NUM_PARALLEL_PROCESSORS in your QSF to an appropriate value for best performance.
Info (20030): Parallel compilation is enabled and will use 2 of the 2 processors detected
Info (12021): Found 1 design units, including 1 entities, in source file top_tb.sv
    Info (12023): Found entity 1: top_tb File: /home/mboris/projectsVerilog/Syntacore/top_tb.sv Line: 2
Info (12021): Found 1 design units, including 1 entities, in source file top.sv
    Info (12023): Found entity 1: top File: /home/mboris/projectsVerilog/Syntacore/top.sv Line: 1
Info (12021): Found 1 design units, including 1 entities, in source file arbiter/arbiter.sv
    Info (12023): Found entity 1: arbiter File: /home/mboris/projectsVerilog/Syntacore/arbiter/arbiter.sv Line: 1
Info (12021): Found 1 design units, including 1 entities, in source file test/slaves.sv
    Info (12023): Found entity 1: slave File: /home/mboris/projectsVerilog/Syntacore/test/slaves.sv Line: 2
Info (12021): Found 1 design units, including 1 entities, in source file test/masters.sv
    Info (12023): Found entity 1: master File: /home/mboris/projectsVerilog/Syntacore/test/masters.sv Line: 4
Info (12021): Found 1 design units, including 1 entities, in source file Muxes/Mux_masters.sv
    Info (12023): Found entity 1: Mux_masters File: /home/mboris/projectsVerilog/Syntacore/Muxes/Mux_masters.sv Line: 2
Info (12021): Found 1 design units, including 1 entities, in source file Muxes/Mux_slaves.sv
    Info (12023): Found entity 1: Mux_slaves File: /home/mboris/projectsVerilog/Syntacore/Muxes/Mux_slaves.sv Line: 1
Info (12127): Elaborating entity "top" for the top level hierarchy
Info (12128): Elaborating entity "Mux_slaves" for hierarchy "Mux_slaves:master1" File: /home/mboris/projectsVerilog/Syntacore/top.sv Line: 105
Warning (10240): Verilog HDL Always Construct warning at Mux_slaves.sv(38): inferring latch(es) for variable "slave_1_addr", which holds its previous value in one or more paths through the always construct File: /home/mboris/projectsVerilog/Syntacore/Muxes/Mux_slaves.sv Line: 38
Warning (10240): Verilog HDL Always Construct warning at Mux_slaves.sv(38): inferring latch(es) for variable "slave_2_addr", which holds its previous value in one or more paths through the always construct File: /home/mboris/projectsVerilog/Syntacore/Muxes/Mux_slaves.sv Line: 38
Info (10041): Inferred latch for "slave_2_addr[0]" at Mux_slaves.sv(54) File: /home/mboris/projectsVerilog/Syntacore/Muxes/Mux_slaves.sv Line: 54
Info (10041): Inferred latch for "slave_2_addr[1]" at Mux_slaves.sv(54) File: /home/mboris/projectsVerilog/Syntacore/Muxes/Mux_slaves.sv Line: 54
Info (10041): Inferred latch for "slave_2_addr[2]" at Mux_slaves.sv(54) File: /home/mboris/projectsVerilog/Syntacore/Muxes/Mux_slaves.sv Line: 54
Info (10041): Inferred latch for "slave_2_addr[3]" at Mux_slaves.sv(54) File: /home/mboris/projectsVerilog/Syntacore/Muxes/Mux_slaves.sv Line: 54
Info (10041): Inferred latch for "slave_2_addr[4]" at Mux_slaves.sv(54) File: /home/mboris/projectsVerilog/Syntacore/Muxes/Mux_slaves.sv Line: 54
Info (10041): Inferred latch for "slave_2_addr[5]" at Mux_slaves.sv(54) File: /home/mboris/projectsVerilog/Syntacore/Muxes/Mux_slaves.sv Line: 54
Info (10041): Inferred latch for "slave_2_addr[6]" at Mux_slaves.sv(54) File: /home/mboris/projectsVerilog/Syntacore/Muxes/Mux_slaves.sv Line: 54
Info (10041): Inferred latch for "slave_2_addr[7]" at Mux_slaves.sv(54) File: /home/mboris/projectsVerilog/Syntacore/Muxes/Mux_slaves.sv Line: 54
Info (10041): Inferred latch for "slave_2_addr[8]" at Mux_slaves.sv(54) File: /home/mboris/projectsVerilog/Syntacore/Muxes/Mux_slaves.sv Line: 54
Info (10041): Inferred latch for "slave_2_addr[9]" at Mux_slaves.sv(54) File: /home/mboris/projectsVerilog/Syntacore/Muxes/Mux_slaves.sv Line: 54
Info (10041): Inferred latch for "slave_2_addr[10]" at Mux_slaves.sv(54) File: /home/mboris/projectsVerilog/Syntacore/Muxes/Mux_slaves.sv Line: 54
Info (10041): Inferred latch for "slave_2_addr[11]" at Mux_slaves.sv(54) File: /home/mboris/projectsVerilog/Syntacore/Muxes/Mux_slaves.sv Line: 54
Info (10041): Inferred latch for "slave_2_addr[12]" at Mux_slaves.sv(54) File: /home/mboris/projectsVerilog/Syntacore/Muxes/Mux_slaves.sv Line: 54
Info (10041): Inferred latch for "slave_2_addr[13]" at Mux_slaves.sv(54) File: /home/mboris/projectsVerilog/Syntacore/Muxes/Mux_slaves.sv Line: 54
Info (10041): Inferred latch for "slave_2_addr[14]" at Mux_slaves.sv(54) File: /home/mboris/projectsVerilog/Syntacore/Muxes/Mux_slaves.sv Line: 54
Info (10041): Inferred latch for "slave_2_addr[15]" at Mux_slaves.sv(54) File: /home/mboris/projectsVerilog/Syntacore/Muxes/Mux_slaves.sv Line: 54
Info (10041): Inferred latch for "slave_2_addr[16]" at Mux_slaves.sv(54) File: /home/mboris/projectsVerilog/Syntacore/Muxes/Mux_slaves.sv Line: 54
Info (10041): Inferred latch for "slave_2_addr[17]" at Mux_slaves.sv(54) File: /home/mboris/projectsVerilog/Syntacore/Muxes/Mux_slaves.sv Line: 54
Info (10041): Inferred latch for "slave_2_addr[18]" at Mux_slaves.sv(54) File: /home/mboris/projectsVerilog/Syntacore/Muxes/Mux_slaves.sv Line: 54
Info (10041): Inferred latch for "slave_2_addr[19]" at Mux_slaves.sv(54) File: /home/mboris/projectsVerilog/Syntacore/Muxes/Mux_slaves.sv Line: 54
Info (10041): Inferred latch for "slave_2_addr[20]" at Mux_slaves.sv(54) File: /home/mboris/projectsVerilog/Syntacore/Muxes/Mux_slaves.sv Line: 54
Info (10041): Inferred latch for "slave_2_addr[21]" at Mux_slaves.sv(54) File: /home/mboris/projectsVerilog/Syntacore/Muxes/Mux_slaves.sv Line: 54
Info (10041): Inferred latch for "slave_2_addr[22]" at Mux_slaves.sv(54) File: /home/mboris/projectsVerilog/Syntacore/Muxes/Mux_slaves.sv Line: 54
Info (10041): Inferred latch for "slave_2_addr[23]" at Mux_slaves.sv(54) File: /home/mboris/projectsVerilog/Syntacore/Muxes/Mux_slaves.sv Line: 54
Info (10041): Inferred latch for "slave_2_addr[24]" at Mux_slaves.sv(54) File: /home/mboris/projectsVerilog/Syntacore/Muxes/Mux_slaves.sv Line: 54
Info (10041): Inferred latch for "slave_2_addr[25]" at Mux_slaves.sv(54) File: /home/mboris/projectsVerilog/Syntacore/Muxes/Mux_slaves.sv Line: 54
Info (10041): Inferred latch for "slave_2_addr[26]" at Mux_slaves.sv(54) File: /home/mboris/projectsVerilog/Syntacore/Muxes/Mux_slaves.sv Line: 54
Info (10041): Inferred latch for "slave_2_addr[27]" at Mux_slaves.sv(54) File: /home/mboris/projectsVerilog/Syntacore/Muxes/Mux_slaves.sv Line: 54
Info (10041): Inferred latch for "slave_2_addr[28]" at Mux_slaves.sv(54) File: /home/mboris/projectsVerilog/Syntacore/Muxes/Mux_slaves.sv Line: 54
Info (10041): Inferred latch for "slave_2_addr[29]" at Mux_slaves.sv(54) File: /home/mboris/projectsVerilog/Syntacore/Muxes/Mux_slaves.sv Line: 54
Info (10041): Inferred latch for "slave_2_addr[30]" at Mux_slaves.sv(54) File: /home/mboris/projectsVerilog/Syntacore/Muxes/Mux_slaves.sv Line: 54
Info (10041): Inferred latch for "slave_2_addr[31]" at Mux_slaves.sv(54) File: /home/mboris/projectsVerilog/Syntacore/Muxes/Mux_slaves.sv Line: 54
Info (10041): Inferred latch for "slave_1_addr[0]" at Mux_slaves.sv(54) File: /home/mboris/projectsVerilog/Syntacore/Muxes/Mux_slaves.sv Line: 54
Info (10041): Inferred latch for "slave_1_addr[1]" at Mux_slaves.sv(54) File: /home/mboris/projectsVerilog/Syntacore/Muxes/Mux_slaves.sv Line: 54
Info (10041): Inferred latch for "slave_1_addr[2]" at Mux_slaves.sv(54) File: /home/mboris/projectsVerilog/Syntacore/Muxes/Mux_slaves.sv Line: 54
Info (10041): Inferred latch for "slave_1_addr[3]" at Mux_slaves.sv(54) File: /home/mboris/projectsVerilog/Syntacore/Muxes/Mux_slaves.sv Line: 54
Info (10041): Inferred latch for "slave_1_addr[4]" at Mux_slaves.sv(54) File: /home/mboris/projectsVerilog/Syntacore/Muxes/Mux_slaves.sv Line: 54
Info (10041): Inferred latch for "slave_1_addr[5]" at Mux_slaves.sv(54) File: /home/mboris/projectsVerilog/Syntacore/Muxes/Mux_slaves.sv Line: 54
Info (10041): Inferred latch for "slave_1_addr[6]" at Mux_slaves.sv(54) File: /home/mboris/projectsVerilog/Syntacore/Muxes/Mux_slaves.sv Line: 54
Info (10041): Inferred latch for "slave_1_addr[7]" at Mux_slaves.sv(54) File: /home/mboris/projectsVerilog/Syntacore/Muxes/Mux_slaves.sv Line: 54
Info (10041): Inferred latch for "slave_1_addr[8]" at Mux_slaves.sv(54) File: /home/mboris/projectsVerilog/Syntacore/Muxes/Mux_slaves.sv Line: 54
Info (10041): Inferred latch for "slave_1_addr[9]" at Mux_slaves.sv(54) File: /home/mboris/projectsVerilog/Syntacore/Muxes/Mux_slaves.sv Line: 54
Info (10041): Inferred latch for "slave_1_addr[10]" at Mux_slaves.sv(54) File: /home/mboris/projectsVerilog/Syntacore/Muxes/Mux_slaves.sv Line: 54
Info (10041): Inferred latch for "slave_1_addr[11]" at Mux_slaves.sv(54) File: /home/mboris/projectsVerilog/Syntacore/Muxes/Mux_slaves.sv Line: 54
Info (10041): Inferred latch for "slave_1_addr[12]" at Mux_slaves.sv(54) File: /home/mboris/projectsVerilog/Syntacore/Muxes/Mux_slaves.sv Line: 54
Info (10041): Inferred latch for "slave_1_addr[13]" at Mux_slaves.sv(54) File: /home/mboris/projectsVerilog/Syntacore/Muxes/Mux_slaves.sv Line: 54
Info (10041): Inferred latch for "slave_1_addr[14]" at Mux_slaves.sv(54) File: /home/mboris/projectsVerilog/Syntacore/Muxes/Mux_slaves.sv Line: 54
Info (10041): Inferred latch for "slave_1_addr[15]" at Mux_slaves.sv(54) File: /home/mboris/projectsVerilog/Syntacore/Muxes/Mux_slaves.sv Line: 54
Info (10041): Inferred latch for "slave_1_addr[16]" at Mux_slaves.sv(54) File: /home/mboris/projectsVerilog/Syntacore/Muxes/Mux_slaves.sv Line: 54
Info (10041): Inferred latch for "slave_1_addr[17]" at Mux_slaves.sv(54) File: /home/mboris/projectsVerilog/Syntacore/Muxes/Mux_slaves.sv Line: 54
Info (10041): Inferred latch for "slave_1_addr[18]" at Mux_slaves.sv(54) File: /home/mboris/projectsVerilog/Syntacore/Muxes/Mux_slaves.sv Line: 54
Info (10041): Inferred latch for "slave_1_addr[19]" at Mux_slaves.sv(54) File: /home/mboris/projectsVerilog/Syntacore/Muxes/Mux_slaves.sv Line: 54
Info (10041): Inferred latch for "slave_1_addr[20]" at Mux_slaves.sv(54) File: /home/mboris/projectsVerilog/Syntacore/Muxes/Mux_slaves.sv Line: 54
Info (10041): Inferred latch for "slave_1_addr[21]" at Mux_slaves.sv(54) File: /home/mboris/projectsVerilog/Syntacore/Muxes/Mux_slaves.sv Line: 54
Info (10041): Inferred latch for "slave_1_addr[22]" at Mux_slaves.sv(54) File: /home/mboris/projectsVerilog/Syntacore/Muxes/Mux_slaves.sv Line: 54
Info (10041): Inferred latch for "slave_1_addr[23]" at Mux_slaves.sv(54) File: /home/mboris/projectsVerilog/Syntacore/Muxes/Mux_slaves.sv Line: 54
Info (10041): Inferred latch for "slave_1_addr[24]" at Mux_slaves.sv(54) File: /home/mboris/projectsVerilog/Syntacore/Muxes/Mux_slaves.sv Line: 54
Info (10041): Inferred latch for "slave_1_addr[25]" at Mux_slaves.sv(54) File: /home/mboris/projectsVerilog/Syntacore/Muxes/Mux_slaves.sv Line: 54
Info (10041): Inferred latch for "slave_1_addr[26]" at Mux_slaves.sv(54) File: /home/mboris/projectsVerilog/Syntacore/Muxes/Mux_slaves.sv Line: 54
Info (10041): Inferred latch for "slave_1_addr[27]" at Mux_slaves.sv(54) File: /home/mboris/projectsVerilog/Syntacore/Muxes/Mux_slaves.sv Line: 54
Info (10041): Inferred latch for "slave_1_addr[28]" at Mux_slaves.sv(54) File: /home/mboris/projectsVerilog/Syntacore/Muxes/Mux_slaves.sv Line: 54
Info (10041): Inferred latch for "slave_1_addr[29]" at Mux_slaves.sv(54) File: /home/mboris/projectsVerilog/Syntacore/Muxes/Mux_slaves.sv Line: 54
Info (10041): Inferred latch for "slave_1_addr[30]" at Mux_slaves.sv(54) File: /home/mboris/projectsVerilog/Syntacore/Muxes/Mux_slaves.sv Line: 54
Info (10041): Inferred latch for "slave_1_addr[31]" at Mux_slaves.sv(54) File: /home/mboris/projectsVerilog/Syntacore/Muxes/Mux_slaves.sv Line: 54
Info (12128): Elaborating entity "arbiter" for hierarchy "arbiter:arb1" File: /home/mboris/projectsVerilog/Syntacore/top.sv Line: 148
Info (12128): Elaborating entity "Mux_masters" for hierarchy "Mux_masters:slave_1" File: /home/mboris/projectsVerilog/Syntacore/top.sv Line: 194
Info (10264): Verilog HDL Case Statement information at Mux_masters.sv(57): all case item expressions in this case statement are onehot File: /home/mboris/projectsVerilog/Syntacore/Muxes/Mux_masters.sv Line: 57
Warning (13024): Output pins are stuck at VCC or GND
    Warning (13410): Pin "slave_1_addr[31]" is stuck at GND File: /home/mboris/projectsVerilog/Syntacore/top.sv Line: 26
Info (286030): Timing-Driven Synthesis is running
Info (144001): Generated suppressed messages file /home/mboris/projectsVerilog/Syntacore/output_files/cross_bar.map.smsg
Info (16010): Generating hard_block partition "hard_block:auto_generated_inst"
    Info (16011): Adding 0 node(s), including 0 DDIO, 0 PLL, 0 transceiver and 0 LCELL
Warning (21074): Design contains 1 input pin(s) that do not drive logic
    Warning (15610): No output dependent on input pin "clk" File: /home/mboris/projectsVerilog/Syntacore/top.sv Line: 7
Info (21057): Implemented 874 device resources after synthesis - the final resource count might be different
    Info (21058): Implemented 200 input pins
    Info (21059): Implemented 206 output pins
    Info (21061): Implemented 468 logic cells
Info: Quartus Prime Analysis & Synthesis was successful. 0 errors, 7 warnings
    Info: Peak virtual memory: 468 megabytes
    Info: Processing ended: Mon Feb 28 02:32:42 2022
    Info: Elapsed time: 00:00:15
    Info: Total CPU time (on all processors): 00:00:33


+------------------------------------------+
; Analysis & Synthesis Suppressed Messages ;
+------------------------------------------+
The suppressed messages can be found in /home/mboris/projectsVerilog/Syntacore/output_files/cross_bar.map.smsg.


